Archive member included to satisfy reference by file (symbol)

c:/st/stm32cubeide_1.6.1/stm32cubeide/plugins/com.st.stm32cube.ide.mcu.externaltools.gnu-tools-for-stm32.9-2020-q2-update.win32_2.0.0.202105311346/tools/bin/../lib/gcc/arm-none-eabi/9.3.1/../../../../arm-none-eabi/lib/thumb/v7e-m+fp/hard\libc_nano.a(lib_a-errno.o)
                              ./Core/Src/syscalls.o (__errno)
c:/st/stm32cubeide_1.6.1/stm32cubeide/plugins/com.st.stm32cube.ide.mcu.externaltools.gnu-tools-for-stm32.9-2020-q2-update.win32_2.0.0.202105311346/tools/bin/../lib/gcc/arm-none-eabi/9.3.1/../../../../arm-none-eabi/lib/thumb/v7e-m+fp/hard\libc_nano.a(lib_a-exit.o)
                              c:/st/stm32cubeide_1.6.1/stm32cubeide/plugins/com.st.stm32cube.ide.mcu.externaltools.gnu-tools-for-stm32.9-2020-q2-update.win32_2.0.0.202105311346/tools/bin/../lib/gcc/arm-none-eabi/9.3.1/../../../../arm-none-eabi/lib/thumb/v7e-m+fp/hard/crt0.o (exit)
c:/st/stm32cubeide_1.6.1/stm32cubeide/plugins/com.st.stm32cube.ide.mcu.externaltools.gnu-tools-for-stm32.9-2020-q2-update.win32_2.0.0.202105311346/tools/bin/../lib/gcc/arm-none-eabi/9.3.1/../../../../arm-none-eabi/lib/thumb/v7e-m+fp/hard\libc_nano.a(lib_a-impure.o)
                              c:/st/stm32cubeide_1.6.1/stm32cubeide/plugins/com.st.stm32cube.ide.mcu.externaltools.gnu-tools-for-stm32.9-2020-q2-update.win32_2.0.0.202105311346/tools/bin/../lib/gcc/arm-none-eabi/9.3.1/../../../../arm-none-eabi/lib/thumb/v7e-m+fp/hard\libc_nano.a(lib_a-exit.o) (_global_impure_ptr)
c:/st/stm32cubeide_1.6.1/stm32cubeide/plugins/com.st.stm32cube.ide.mcu.externaltools.gnu-tools-for-stm32.9-2020-q2-update.win32_2.0.0.202105311346/tools/bin/../lib/gcc/arm-none-eabi/9.3.1/../../../../arm-none-eabi/lib/thumb/v7e-m+fp/hard\libc_nano.a(lib_a-init.o)
                              c:/st/stm32cubeide_1.6.1/stm32cubeide/plugins/com.st.stm32cube.ide.mcu.externaltools.gnu-tools-for-stm32.9-2020-q2-update.win32_2.0.0.202105311346/tools/bin/../lib/gcc/arm-none-eabi/9.3.1/../../../../arm-none-eabi/lib/thumb/v7e-m+fp/hard/crt0.o (__libc_init_array)
c:/st/stm32cubeide_1.6.1/stm32cubeide/plugins/com.st.stm32cube.ide.mcu.externaltools.gnu-tools-for-stm32.9-2020-q2-update.win32_2.0.0.202105311346/tools/bin/../lib/gcc/arm-none-eabi/9.3.1/../../../../arm-none-eabi/lib/thumb/v7e-m+fp/hard\libc_nano.a(lib_a-memset.o)
                              c:/st/stm32cubeide_1.6.1/stm32cubeide/plugins/com.st.stm32cube.ide.mcu.externaltools.gnu-tools-for-stm32.9-2020-q2-update.win32_2.0.0.202105311346/tools/bin/../lib/gcc/arm-none-eabi/9.3.1/../../../../arm-none-eabi/lib/thumb/v7e-m+fp/hard/crt0.o (memset)
c:/st/stm32cubeide_1.6.1/stm32cubeide/plugins/com.st.stm32cube.ide.mcu.externaltools.gnu-tools-for-stm32.9-2020-q2-update.win32_2.0.0.202105311346/tools/bin/../lib/gcc/arm-none-eabi/9.3.1/thumb/v7e-m+fp/hard\libgcc.a(_aeabi_ldivmod.o)
                              ./Drivers/STM32F4xx_HAL_Driver/Src/stm32f4xx_hal_rcc.o (__aeabi_ldivmod)
c:/st/stm32cubeide_1.6.1/stm32cubeide/plugins/com.st.stm32cube.ide.mcu.externaltools.gnu-tools-for-stm32.9-2020-q2-update.win32_2.0.0.202105311346/tools/bin/../lib/gcc/arm-none-eabi/9.3.1/thumb/v7e-m+fp/hard\libgcc.a(_aeabi_uldivmod.o)
                              ./Drivers/STM32F4xx_HAL_Driver/Src/stm32f4xx_hal_rcc.o (__aeabi_uldivmod)
c:/st/stm32cubeide_1.6.1/stm32cubeide/plugins/com.st.stm32cube.ide.mcu.externaltools.gnu-tools-for-stm32.9-2020-q2-update.win32_2.0.0.202105311346/tools/bin/../lib/gcc/arm-none-eabi/9.3.1/thumb/v7e-m+fp/hard\libgcc.a(_udivmoddi4.o)
                              c:/st/stm32cubeide_1.6.1/stm32cubeide/plugins/com.st.stm32cube.ide.mcu.externaltools.gnu-tools-for-stm32.9-2020-q2-update.win32_2.0.0.202105311346/tools/bin/../lib/gcc/arm-none-eabi/9.3.1/thumb/v7e-m+fp/hard\libgcc.a(_aeabi_ldivmod.o) (__udivmoddi4)
c:/st/stm32cubeide_1.6.1/stm32cubeide/plugins/com.st.stm32cube.ide.mcu.externaltools.gnu-tools-for-stm32.9-2020-q2-update.win32_2.0.0.202105311346/tools/bin/../lib/gcc/arm-none-eabi/9.3.1/thumb/v7e-m+fp/hard\libgcc.a(_dvmd_tls.o)
                              c:/st/stm32cubeide_1.6.1/stm32cubeide/plugins/com.st.stm32cube.ide.mcu.externaltools.gnu-tools-for-stm32.9-2020-q2-update.win32_2.0.0.202105311346/tools/bin/../lib/gcc/arm-none-eabi/9.3.1/thumb/v7e-m+fp/hard\libgcc.a(_aeabi_ldivmod.o) (__aeabi_ldiv0)

Allocating common symbols
Common symbol       size              file

hdma_i2c1_tx        0x60              ./Core/Src/i2c.o
hi2c1               0x54              ./Core/Src/i2c.o
MPU6050             0x202             ./IMU/Src/MPU6050.o
uwTick              0x4               ./Drivers/STM32F4xx_HAL_Driver/Src/stm32f4xx_hal.o
pFlash              0x20              ./Drivers/STM32F4xx_HAL_Driver/Src/stm32f4xx_hal_flash.o
hdma_i2c1_rx        0x60              ./Core/Src/i2c.o
huart2              0x44              ./Core/Src/usart.o
I2c1Config          0x10              ./Core/Src/i2c.o

Discarded input sections

[...]
Memory Configuration

Name             Origin             Length             Attributes
RAM              0x0000000020000000 0x0000000000018000 xrw
FLASH            0x0000000008000000 0x0000000000080000 xr
*default*        0x0000000000000000 0xffffffffffffffff

Linker script and memory map

LOAD c:/st/stm32cubeide_1.6.1/stm32cubeide/plugins/com.st.stm32cube.ide.mcu.externaltools.gnu-tools-for-stm32.9-2020-q2-update.win32_2.0.0.202105311346/tools/bin/../lib/gcc/arm-none-eabi/9.3.1/thumb/v7e-m+fp/hard/crti.o
LOAD c:/st/stm32cubeide_1.6.1/stm32cubeide/plugins/com.st.stm32cube.ide.mcu.externaltools.gnu-tools-for-stm32.9-2020-q2-update.win32_2.0.0.202105311346/tools/bin/../lib/gcc/arm-none-eabi/9.3.1/thumb/v7e-m+fp/hard/crtbegin.o
LOAD c:/st/stm32cubeide_1.6.1/stm32cubeide/plugins/com.st.stm32cube.ide.mcu.externaltools.gnu-tools-for-stm32.9-2020-q2-update.win32_2.0.0.202105311346/tools/bin/../lib/gcc/arm-none-eabi/9.3.1/../../../../arm-none-eabi/lib/thumb/v7e-m+fp/hard/crt0.o
LOAD ./Core/Src/dma.o
LOAD ./Core/Src/gpio.o
LOAD ./Core/Src/i2c.o
LOAD ./Core/Src/main.o
LOAD ./Core/Src/stm32f4xx_hal_msp.o
LOAD ./Core/Src/stm32f4xx_it.o
LOAD ./Core/Src/syscalls.o
LOAD ./Core/Src/sysmem.o
LOAD ./Core/Src/system_stm32f4xx.o
LOAD ./Core/Src/usart.o
LOAD ./Core/Startup/startup_stm32f401retx.o
LOAD ./Drivers/STM32F4xx_HAL_Driver/Src/stm32f4xx_hal.o
LOAD ./Drivers/STM32F4xx_HAL_Driver/Src/stm32f4xx_hal_cortex.o
LOAD ./Drivers/STM32F4xx_HAL_Driver/Src/stm32f4xx_hal_dma.o
LOAD ./Drivers/STM32F4xx_HAL_Driver/Src/stm32f4xx_hal_dma_ex.o
LOAD ./Drivers/STM32F4xx_HAL_Driver/Src/stm32f4xx_hal_exti.o
LOAD ./Drivers/STM32F4xx_HAL_Driver/Src/stm32f4xx_hal_flash.o
LOAD ./Drivers/STM32F4xx_HAL_Driver/Src/stm32f4xx_hal_flash_ex.o
LOAD ./Drivers/STM32F4xx_HAL_Driver/Src/stm32f4xx_hal_flash_ramfunc.o
LOAD ./Drivers/STM32F4xx_HAL_Driver/Src/stm32f4xx_hal_gpio.o
LOAD ./Drivers/STM32F4xx_HAL_Driver/Src/stm32f4xx_hal_i2c.o
LOAD ./Drivers/STM32F4xx_HAL_Driver/Src/stm32f4xx_hal_i2c_ex.o
LOAD ./Drivers/STM32F4xx_HAL_Driver/Src/stm32f4xx_hal_pwr.o
LOAD ./Drivers/STM32F4xx_HAL_Driver/Src/stm32f4xx_hal_pwr_ex.o
LOAD ./Drivers/STM32F4xx_HAL_Driver/Src/stm32f4xx_hal_rcc.o
LOAD ./Drivers/STM32F4xx_HAL_Driver/Src/stm32f4xx_hal_rcc_ex.o
LOAD ./Drivers/STM32F4xx_HAL_Driver/Src/stm32f4xx_hal_tim.o
LOAD ./Drivers/STM32F4xx_HAL_Driver/Src/stm32f4xx_hal_tim_ex.o
LOAD ./Drivers/STM32F4xx_HAL_Driver/Src/stm32f4xx_hal_uart.o
LOAD ./IMU/Src/MPU6050.o
START GROUP
LOAD c:/st/stm32cubeide_1.6.1/stm32cubeide/plugins/com.st.stm32cube.ide.mcu.externaltools.gnu-tools-for-stm32.9-2020-q2-update.win32_2.0.0.202105311346/tools/bin/../lib/gcc/arm-none-eabi/9.3.1/../../../../arm-none-eabi/lib/thumb/v7e-m+fp/hard\libc_nano.a
LOAD c:/st/stm32cubeide_1.6.1/stm32cubeide/plugins/com.st.stm32cube.ide.mcu.externaltools.gnu-tools-for-stm32.9-2020-q2-update.win32_2.0.0.202105311346/tools/bin/../lib/gcc/arm-none-eabi/9.3.1/../../../../arm-none-eabi/lib/thumb/v7e-m+fp/hard\libm.a
END GROUP
START GROUP
LOAD c:/st/stm32cubeide_1.6.1/stm32cubeide/plugins/com.st.stm32cube.ide.mcu.externaltools.gnu-tools-for-stm32.9-2020-q2-update.win32_2.0.0.202105311346/tools/bin/../lib/gcc/arm-none-eabi/9.3.1/thumb/v7e-m+fp/hard\libgcc.a
LOAD c:/st/stm32cubeide_1.6.1/stm32cubeide/plugins/com.st.stm32cube.ide.mcu.externaltools.gnu-tools-for-stm32.9-2020-q2-update.win32_2.0.0.202105311346/tools/bin/../lib/gcc/arm-none-eabi/9.3.1/../../../../arm-none-eabi/lib/thumb/v7e-m+fp/hard\libc_nano.a
END GROUP
START GROUP
LOAD c:/st/stm32cubeide_1.6.1/stm32cubeide/plugins/com.st.stm32cube.ide.mcu.externaltools.gnu-tools-for-stm32.9-2020-q2-update.win32_2.0.0.202105311346/tools/bin/../lib/gcc/arm-none-eabi/9.3.1/thumb/v7e-m+fp/hard\libgcc.a
LOAD c:/st/stm32cubeide_1.6.1/stm32cubeide/plugins/com.st.stm32cube.ide.mcu.externaltools.gnu-tools-for-stm32.9-2020-q2-update.win32_2.0.0.202105311346/tools/bin/../lib/gcc/arm-none-eabi/9.3.1/../../../../arm-none-eabi/lib/thumb/v7e-m+fp/hard\libc_nano.a
LOAD c:/st/stm32cubeide_1.6.1/stm32cubeide/plugins/com.st.stm32cube.ide.mcu.externaltools.gnu-tools-for-stm32.9-2020-q2-update.win32_2.0.0.202105311346/tools/bin/../lib/gcc/arm-none-eabi/9.3.1/../../../../arm-none-eabi/lib/thumb/v7e-m+fp/hard\libnosys.a
END GROUP
START GROUP
LOAD c:/st/stm32cubeide_1.6.1/stm32cubeide/plugins/com.st.stm32cube.ide.mcu.externaltools.gnu-tools-for-stm32.9-2020-q2-update.win32_2.0.0.202105311346/tools/bin/../lib/gcc/arm-none-eabi/9.3.1/thumb/v7e-m+fp/hard\libgcc.a
LOAD c:/st/stm32cubeide_1.6.1/stm32cubeide/plugins/com.st.stm32cube.ide.mcu.externaltools.gnu-tools-for-stm32.9-2020-q2-update.win32_2.0.0.202105311346/tools/bin/../lib/gcc/arm-none-eabi/9.3.1/../../../../arm-none-eabi/lib/thumb/v7e-m+fp/hard\libc_nano.a
LOAD c:/st/stm32cubeide_1.6.1/stm32cubeide/plugins/com.st.stm32cube.ide.mcu.externaltools.gnu-tools-for-stm32.9-2020-q2-update.win32_2.0.0.202105311346/tools/bin/../lib/gcc/arm-none-eabi/9.3.1/../../../../arm-none-eabi/lib/thumb/v7e-m+fp/hard\libnosys.a
END GROUP
LOAD c:/st/stm32cubeide_1.6.1/stm32cubeide/plugins/com.st.stm32cube.ide.mcu.externaltools.gnu-tools-for-stm32.9-2020-q2-update.win32_2.0.0.202105311346/tools/bin/../lib/gcc/arm-none-eabi/9.3.1/thumb/v7e-m+fp/hard/crtend.o
LOAD c:/st/stm32cubeide_1.6.1/stm32cubeide/plugins/com.st.stm32cube.ide.mcu.externaltools.gnu-tools-for-stm32.9-2020-q2-update.win32_2.0.0.202105311346/tools/bin/../lib/gcc/arm-none-eabi/9.3.1/thumb/v7e-m+fp/hard/crtn.o
                0x0000000020018000                _estack = (ORIGIN (RAM) + LENGTH (RAM))
                0x0000000000000200                _Min_Heap_Size = 0x200
                0x0000000000000400                _Min_Stack_Size = 0x400

.isr_vector     0x0000000008000000      0x194
                0x0000000008000000                . = ALIGN (0x4)
 *(.isr_vector)
 .isr_vector    0x0000000008000000      0x194 ./Core/Startup/startup_stm32f401retx.o
                0x0000000008000000                g_pfnVectors
                0x0000000008000194                . = ALIGN (0x4)

.text           0x0000000008000194     0x2e30
                0x0000000008000194                . = ALIGN (0x4)
 *(.text)
 .text          0x0000000008000194       0x40 c:/st/stm32cubeide_1.6.1/stm32cubeide/plugins/com.st.stm32cube.ide.mcu.externaltools.gnu-tools-for-stm32.9-2020-q2-update.win32_2.0.0.202105311346/tools/bin/../lib/gcc/arm-none-eabi/9.3.1/thumb/v7e-m+fp/hard/crtbegin.o
 .text          0x00000000080001d4       0x30 c:/st/stm32cubeide_1.6.1/stm32cubeide/plugins/com.st.stm32cube.ide.mcu.externaltools.gnu-tools-for-stm32.9-2020-q2-update.win32_2.0.0.202105311346/tools/bin/../lib/gcc/arm-none-eabi/9.3.1/thumb/v7e-m+fp/hard\libgcc.a(_aeabi_uldivmod.o)
                0x00000000080001d4                __aeabi_uldivmod
 .text          0x0000000008000204      0x2c4 c:/st/stm32cubeide_1.6.1/stm32cubeide/plugins/com.st.stm32cube.ide.mcu.externaltools.gnu-tools-for-stm32.9-2020-q2-update.win32_2.0.0.202105311346/tools/bin/../lib/gcc/arm-none-eabi/9.3.1/thumb/v7e-m+fp/hard\libgcc.a(_udivmoddi4.o)
                0x0000000008000204                __udivmoddi4
 .text          0x00000000080004c8        0x4 c:/st/stm32cubeide_1.6.1/stm32cubeide/plugins/com.st.stm32cube.ide.mcu.externaltools.gnu-tools-for-stm32.9-2020-q2-update.win32_2.0.0.202105311346/tools/bin/../lib/gcc/arm-none-eabi/9.3.1/thumb/v7e-m+fp/hard\libgcc.a(_dvmd_tls.o)
                0x00000000080004c8                __aeabi_idiv0
                0x00000000080004c8                __aeabi_ldiv0
 *(.text*)
 .text.MX_DMA_Init
                0x00000000080004cc       0x44 ./Core/Src/dma.o
                0x00000000080004cc                MX_DMA_Init
 .text.MX_GPIO_Init
                0x0000000008000510       0xc4 ./Core/Src/gpio.o
                0x0000000008000510                MX_GPIO_Init
 .text.MX_I2C1_Init
                0x00000000080005d4       0x3c ./Core/Src/i2c.o
                0x00000000080005d4                MX_I2C1_Init
 .text.HAL_I2C_MspInit
                0x0000000008000610      0x10c ./Core/Src/i2c.o
                0x0000000008000610                HAL_I2C_MspInit
 .text.MX_I2C1_Configuration
                0x000000000800071c       0x18 ./Core/Src/i2c.o
                0x000000000800071c                MX_I2C1_Configuration
 .text.MX_I2C1_Mem_Write
                0x0000000008000734       0x24 ./Core/Src/i2c.o
                0x0000000008000734                MX_I2C1_Mem_Write
 .text.MX_I2C1_Mem_Read
                0x0000000008000758       0x24 ./Core/Src/i2c.o
                0x0000000008000758                MX_I2C1_Mem_Read
 .text.HAL_I2C_MasterTxCpltCallback
                0x000000000800077c       0x18 ./Core/Src/i2c.o
                0x000000000800077c                HAL_I2C_MasterTxCpltCallback
 .text.HAL_I2C_MasterRxCpltCallback
                0x0000000008000794       0x18 ./Core/Src/i2c.o
                0x0000000008000794                HAL_I2C_MasterRxCpltCallback
 .text.HAL_I2C_MemTxCpltCallback
                0x00000000080007ac        0x4 ./Core/Src/i2c.o
                0x00000000080007ac                HAL_I2C_MemTxCpltCallback
 .text.HAL_I2C_MemRxCpltCallback
                0x00000000080007b0        0x4 ./Core/Src/i2c.o
                0x00000000080007b0                HAL_I2C_MemRxCpltCallback
 .text.HAL_I2C_ErrorCallback
                0x00000000080007b4       0x18 ./Core/Src/i2c.o
                0x00000000080007b4                HAL_I2C_ErrorCallback
 .text.SystemClock_Config
                0x00000000080007cc       0xa0 ./Core/Src/main.o
                0x00000000080007cc                SystemClock_Config
 .text.startup.main
                0x000000000800086c       0x24 ./Core/Src/main.o
                0x000000000800086c                main
 .text.Error_Handler
                0x0000000008000890        0x4 ./Core/Src/main.o
                0x0000000008000890                Error_Handler
 .text.HAL_MspInit
                0x0000000008000894       0x3c ./Core/Src/stm32f4xx_hal_msp.o
                0x0000000008000894                HAL_MspInit
 .text.NMI_Handler
                0x00000000080008d0        0x2 ./Core/Src/stm32f4xx_it.o
                0x00000000080008d0                NMI_Handler
 .text.HardFault_Handler
                0x00000000080008d2        0x2 ./Core/Src/stm32f4xx_it.o
                0x00000000080008d2                HardFault_Handler
 .text.MemManage_Handler
                0x00000000080008d4        0x2 ./Core/Src/stm32f4xx_it.o
                0x00000000080008d4                MemManage_Handler
 .text.BusFault_Handler
                0x00000000080008d6        0x2 ./Core/Src/stm32f4xx_it.o
                0x00000000080008d6                BusFault_Handler
 .text.UsageFault_Handler
                0x00000000080008d8        0x2 ./Core/Src/stm32f4xx_it.o
                0x00000000080008d8                UsageFault_Handler
 .text.SVC_Handler
                0x00000000080008da        0x2 ./Core/Src/stm32f4xx_it.o
                0x00000000080008da                SVC_Handler
 .text.DebugMon_Handler
                0x00000000080008dc        0x2 ./Core/Src/stm32f4xx_it.o
                0x00000000080008dc                DebugMon_Handler
 .text.PendSV_Handler
                0x00000000080008de        0x2 ./Core/Src/stm32f4xx_it.o
                0x00000000080008de                PendSV_Handler
 .text.SysTick_Handler
                0x00000000080008e0        0x4 ./Core/Src/stm32f4xx_it.o
                0x00000000080008e0                SysTick_Handler
 .text.DMA1_Stream0_IRQHandler
                0x00000000080008e4        0xc ./Core/Src/stm32f4xx_it.o
                0x00000000080008e4                DMA1_Stream0_IRQHandler
 .text.DMA1_Stream6_IRQHandler
                0x00000000080008f0        0xc ./Core/Src/stm32f4xx_it.o
                0x00000000080008f0                DMA1_Stream6_IRQHandler
 .text.I2C1_EV_IRQHandler
                0x00000000080008fc        0xc ./Core/Src/stm32f4xx_it.o
                0x00000000080008fc                I2C1_EV_IRQHandler
 .text.I2C1_ER_IRQHandler
                0x0000000008000908        0xc ./Core/Src/stm32f4xx_it.o
                0x0000000008000908                I2C1_ER_IRQHandler
 .text.SystemInit
                0x0000000008000914       0x14 ./Core/Src/system_stm32f4xx.o
                0x0000000008000914                SystemInit
 .text.MX_USART2_UART_Init
                0x0000000008000928       0x38 ./Core/Src/usart.o
                0x0000000008000928                MX_USART2_UART_Init
 .text.HAL_UART_MspInit
                0x0000000008000960       0x6c ./Core/Src/usart.o
                0x0000000008000960                HAL_UART_MspInit
 .text.MX_USART2_Transmit
                0x00000000080009cc       0x10 ./Core/Src/usart.o
                0x00000000080009cc                MX_USART2_Transmit
 .text.Reset_Handler
                0x00000000080009dc       0x50 ./Core/Startup/startup_stm32f401retx.o
                0x00000000080009dc                Reset_Handler
 .text.Default_Handler
                0x0000000008000a2c        0x2 ./Core/Startup/startup_stm32f401retx.o
                0x0000000008000a2c                RTC_Alarm_IRQHandler
                0x0000000008000a2c                EXTI2_IRQHandler
                0x0000000008000a2c                SPI4_IRQHandler
                0x0000000008000a2c                TIM1_CC_IRQHandler
                0x0000000008000a2c                DMA2_Stream5_IRQHandler
                0x0000000008000a2c                DMA1_Stream5_IRQHandler
                0x0000000008000a2c                PVD_IRQHandler
                0x0000000008000a2c                SDIO_IRQHandler
                0x0000000008000a2c                TAMP_STAMP_IRQHandler
                0x0000000008000a2c                EXTI3_IRQHandler
                0x0000000008000a2c                TIM1_UP_TIM10_IRQHandler
                0x0000000008000a2c                I2C3_ER_IRQHandler
                0x0000000008000a2c                EXTI0_IRQHandler
                0x0000000008000a2c                I2C2_EV_IRQHandler
                0x0000000008000a2c                DMA1_Stream2_IRQHandler
                0x0000000008000a2c                FPU_IRQHandler
                0x0000000008000a2c                DMA2_Stream2_IRQHandler
                0x0000000008000a2c                SPI1_IRQHandler
                0x0000000008000a2c                TIM1_BRK_TIM9_IRQHandler
                0x0000000008000a2c                DMA2_Stream3_IRQHandler
                0x0000000008000a2c                USART6_IRQHandler
                0x0000000008000a2c                DMA2_Stream0_IRQHandler
                0x0000000008000a2c                TIM4_IRQHandler
                0x0000000008000a2c                DMA1_Stream1_IRQHandler
                0x0000000008000a2c                TIM3_IRQHandler
                0x0000000008000a2c                RCC_IRQHandler
                0x0000000008000a2c                Default_Handler
                0x0000000008000a2c                EXTI15_10_IRQHandler
                0x0000000008000a2c                ADC_IRQHandler
                0x0000000008000a2c                DMA1_Stream7_IRQHandler
                0x0000000008000a2c                TIM5_IRQHandler
                0x0000000008000a2c                DMA2_Stream7_IRQHandler
                0x0000000008000a2c                I2C3_EV_IRQHandler
                0x0000000008000a2c                EXTI9_5_IRQHandler
                0x0000000008000a2c                RTC_WKUP_IRQHandler
                0x0000000008000a2c                SPI2_IRQHandler
                0x0000000008000a2c                EXTI4_IRQHandler
                0x0000000008000a2c                WWDG_IRQHandler
                0x0000000008000a2c                TIM2_IRQHandler
                0x0000000008000a2c                OTG_FS_WKUP_IRQHandler
                0x0000000008000a2c                TIM1_TRG_COM_TIM11_IRQHandler
                0x0000000008000a2c                EXTI1_IRQHandler
                0x0000000008000a2c                USART2_IRQHandler
                0x0000000008000a2c                I2C2_ER_IRQHandler
                0x0000000008000a2c                DMA2_Stream1_IRQHandler
                0x0000000008000a2c                FLASH_IRQHandler
                0x0000000008000a2c                DMA2_Stream4_IRQHandler
                0x0000000008000a2c                USART1_IRQHandler
                0x0000000008000a2c                OTG_FS_IRQHandler
                0x0000000008000a2c                SPI3_IRQHandler
                0x0000000008000a2c                DMA1_Stream4_IRQHandler
                0x0000000008000a2c                DMA2_Stream6_IRQHandler
                0x0000000008000a2c                DMA1_Stream3_IRQHandler
 *fill*         0x0000000008000a2e        0x2 
 .text.HAL_InitTick
                0x0000000008000a30       0x48 ./Drivers/STM32F4xx_HAL_Driver/Src/stm32f4xx_hal.o
                0x0000000008000a30                HAL_InitTick
 .text.HAL_Init
                0x0000000008000a78       0x34 ./Drivers/STM32F4xx_HAL_Driver/Src/stm32f4xx_hal.o
                0x0000000008000a78                HAL_Init
 .text.HAL_IncTick
                0x0000000008000aac       0x18 ./Drivers/STM32F4xx_HAL_Driver/Src/stm32f4xx_hal.o
                0x0000000008000aac                HAL_IncTick
 .text.HAL_GetTick
                0x0000000008000ac4        0xc ./Drivers/STM32F4xx_HAL_Driver/Src/stm32f4xx_hal.o
                0x0000000008000ac4                HAL_GetTick
 .text.HAL_Delay
                0x0000000008000ad0       0x28 ./Drivers/STM32F4xx_HAL_Driver/Src/stm32f4xx_hal.o
                0x0000000008000ad0                HAL_Delay
 .text.HAL_NVIC_SetPriorityGrouping
                0x0000000008000af8       0x24 ./Drivers/STM32F4xx_HAL_Driver/Src/stm32f4xx_hal_cortex.o
                0x0000000008000af8                HAL_NVIC_SetPriorityGrouping
 .text.HAL_NVIC_SetPriority
                0x0000000008000b1c       0x64 ./Drivers/STM32F4xx_HAL_Driver/Src/stm32f4xx_hal_cortex.o
                0x0000000008000b1c                HAL_NVIC_SetPriority
 .text.HAL_NVIC_EnableIRQ
                0x0000000008000b80       0x1c ./Drivers/STM32F4xx_HAL_Driver/Src/stm32f4xx_hal_cortex.o
                0x0000000008000b80                HAL_NVIC_EnableIRQ
 .text.HAL_SYSTICK_Config
                0x0000000008000b9c       0x2c ./Drivers/STM32F4xx_HAL_Driver/Src/stm32f4xx_hal_cortex.o
                0x0000000008000b9c                HAL_SYSTICK_Config
 .text.DMA_CalcBaseAndBitshift
                0x0000000008000bc8       0x2c ./Drivers/STM32F4xx_HAL_Driver/Src/stm32f4xx_hal_dma.o
 .text.HAL_DMA_Init
                0x0000000008000bf4      0x100 ./Drivers/STM32F4xx_HAL_Driver/Src/stm32f4xx_hal_dma.o
                0x0000000008000bf4                HAL_DMA_Init
 .text.HAL_DMA_Start_IT
                0x0000000008000cf4       0x74 ./Drivers/STM32F4xx_HAL_Driver/Src/stm32f4xx_hal_dma.o
                0x0000000008000cf4                HAL_DMA_Start_IT
 .text.HAL_DMA_Abort_IT
                0x0000000008000d68       0x24 ./Drivers/STM32F4xx_HAL_Driver/Src/stm32f4xx_hal_dma.o
                0x0000000008000d68                HAL_DMA_Abort_IT
 .text.HAL_DMA_IRQHandler
                0x0000000008000d8c      0x17c ./Drivers/STM32F4xx_HAL_Driver/Src/stm32f4xx_hal_dma.o
                0x0000000008000d8c                HAL_DMA_IRQHandler
 .text.HAL_DMA_GetState
                0x0000000008000f08        0x6 ./Drivers/STM32F4xx_HAL_Driver/Src/stm32f4xx_hal_dma.o
                0x0000000008000f08                HAL_DMA_GetState
 .text.HAL_DMA_GetError
                0x0000000008000f0e        0x4 ./Drivers/STM32F4xx_HAL_Driver/Src/stm32f4xx_hal_dma.o
                0x0000000008000f0e                HAL_DMA_GetError
 *fill*         0x0000000008000f12        0x2 
 .text.HAL_GPIO_Init
                0x0000000008000f14      0x190 ./Drivers/STM32F4xx_HAL_Driver/Src/stm32f4xx_hal_gpio.o
                0x0000000008000f14                HAL_GPIO_Init
 .text.HAL_GPIO_WritePin
                0x00000000080010a4        0xa ./Drivers/STM32F4xx_HAL_Driver/Src/stm32f4xx_hal_gpio.o
                0x00000000080010a4                HAL_GPIO_WritePin
 .text.I2C_IsAcknowledgeFailed
                0x00000000080010ae       0x34 ./Drivers/STM32F4xx_HAL_Driver/Src/stm32f4xx_hal_i2c.o
 .text.I2C_WaitOnMasterAddressFlagUntilTimeout
                0x00000000080010e2       0x76 ./Drivers/STM32F4xx_HAL_Driver/Src/stm32f4xx_hal_i2c.o
 .text.I2C_WaitOnFlagUntilTimeout
                0x0000000008001158       0x64 ./Drivers/STM32F4xx_HAL_Driver/Src/stm32f4xx_hal_i2c.o
 .text.I2C_WaitOnTXEFlagUntilTimeout
                0x00000000080011bc       0x4c ./Drivers/STM32F4xx_HAL_Driver/Src/stm32f4xx_hal_i2c.o
 .text.I2C_RequestMemoryWrite
                0x0000000008001208       0xb0 ./Drivers/STM32F4xx_HAL_Driver/Src/stm32f4xx_hal_i2c.o
 .text.I2C_RequestMemoryRead
                0x00000000080012b8      0x104 ./Drivers/STM32F4xx_HAL_Driver/Src/stm32f4xx_hal_i2c.o
 .text.HAL_I2C_Init
                0x00000000080013bc      0x150 ./Drivers/STM32F4xx_HAL_Driver/Src/stm32f4xx_hal_i2c.o
                0x00000000080013bc                HAL_I2C_Init
 .text.HAL_I2C_Mem_Write_DMA
                0x000000000800150c      0x190 ./Drivers/STM32F4xx_HAL_Driver/Src/stm32f4xx_hal_i2c.o
                0x000000000800150c                HAL_I2C_Mem_Write_DMA
 .text.HAL_I2C_Mem_Read_DMA
                0x000000000800169c      0x1d4 ./Drivers/STM32F4xx_HAL_Driver/Src/stm32f4xx_hal_i2c.o
                0x000000000800169c                HAL_I2C_Mem_Read_DMA
 .text.HAL_I2C_SlaveTxCpltCallback
                0x0000000008001870        0x2 ./Drivers/STM32F4xx_HAL_Driver/Src/stm32f4xx_hal_i2c.o
                0x0000000008001870                HAL_I2C_SlaveTxCpltCallback
 .text.HAL_I2C_SlaveRxCpltCallback
                0x0000000008001872        0x2 ./Drivers/STM32F4xx_HAL_Driver/Src/stm32f4xx_hal_i2c.o
                0x0000000008001872                HAL_I2C_SlaveRxCpltCallback
 .text.HAL_I2C_AddrCallback
                0x0000000008001874        0x2 ./Drivers/STM32F4xx_HAL_Driver/Src/stm32f4xx_hal_i2c.o
                0x0000000008001874                HAL_I2C_AddrCallback
 .text.HAL_I2C_ListenCpltCallback
                0x0000000008001876        0x2 ./Drivers/STM32F4xx_HAL_Driver/Src/stm32f4xx_hal_i2c.o
                0x0000000008001876                HAL_I2C_ListenCpltCallback
 .text.I2C_MemoryTransmit_TXE_BTF
                0x0000000008001878       0xa2 ./Drivers/STM32F4xx_HAL_Driver/Src/stm32f4xx_hal_i2c.o
 .text.I2C_DMAError
                0x000000000800191a       0x44 ./Drivers/STM32F4xx_HAL_Driver/Src/stm32f4xx_hal_i2c.o
 .text.I2C_DMAXferCplt
                0x000000000800195e      0x108 ./Drivers/STM32F4xx_HAL_Driver/Src/stm32f4xx_hal_i2c.o
 .text.HAL_I2C_AbortCpltCallback
                0x0000000008001a66        0x2 ./Drivers/STM32F4xx_HAL_Driver/Src/stm32f4xx_hal_i2c.o
                0x0000000008001a66                HAL_I2C_AbortCpltCallback
 .text.I2C_DMAAbort
                0x0000000008001a68       0xc0 ./Drivers/STM32F4xx_HAL_Driver/Src/stm32f4xx_hal_i2c.o
 .text.I2C_ITError
                0x0000000008001b28      0x150 ./Drivers/STM32F4xx_HAL_Driver/Src/stm32f4xx_hal_i2c.o
 .text.HAL_I2C_EV_IRQHandler
                0x0000000008001c78      0x868 ./Drivers/STM32F4xx_HAL_Driver/Src/stm32f4xx_hal_i2c.o
                0x0000000008001c78                HAL_I2C_EV_IRQHandler
 .text.HAL_I2C_ER_IRQHandler
                0x00000000080024e0      0x134 ./Drivers/STM32F4xx_HAL_Driver/Src/stm32f4xx_hal_i2c.o
                0x00000000080024e0                HAL_I2C_ER_IRQHandler
 .text.HAL_RCC_OscConfig
                0x0000000008002614      0x358 ./Drivers/STM32F4xx_HAL_Driver/Src/stm32f4xx_hal_rcc.o
                0x0000000008002614                HAL_RCC_OscConfig
 .text.HAL_RCC_GetSysClockFreq
                0x000000000800296c       0x5c ./Drivers/STM32F4xx_HAL_Driver/Src/stm32f4xx_hal_rcc.o
                0x000000000800296c                HAL_RCC_GetSysClockFreq
 .text.HAL_RCC_ClockConfig
                0x00000000080029c8      0x138 ./Drivers/STM32F4xx_HAL_Driver/Src/stm32f4xx_hal_rcc.o
                0x00000000080029c8                HAL_RCC_ClockConfig
 .text.HAL_RCC_GetPCLK1Freq
                0x0000000008002b00       0x20 ./Drivers/STM32F4xx_HAL_Driver/Src/stm32f4xx_hal_rcc.o
                0x0000000008002b00                HAL_RCC_GetPCLK1Freq
 .text.HAL_RCC_GetPCLK2Freq
                0x0000000008002b20       0x20 ./Drivers/STM32F4xx_HAL_Driver/Src/stm32f4xx_hal_rcc.o
                0x0000000008002b20                HAL_RCC_GetPCLK2Freq
 .text.UART_SetConfig
                0x0000000008002b40       0xbc ./Drivers/STM32F4xx_HAL_Driver/Src/stm32f4xx_hal_uart.o
 .text.UART_WaitOnFlagUntilTimeout.constprop.0
                0x0000000008002bfc       0x6c ./Drivers/STM32F4xx_HAL_Driver/Src/stm32f4xx_hal_uart.o
 .text.HAL_UART_Init
                0x0000000008002c68       0x5c ./Drivers/STM32F4xx_HAL_Driver/Src/stm32f4xx_hal_uart.o
                0x0000000008002c68                HAL_UART_Init
 .text.HAL_UART_Transmit
                0x0000000008002cc4       0xaa ./Drivers/STM32F4xx_HAL_Driver/Src/stm32f4xx_hal_uart.o
                0x0000000008002cc4                HAL_UART_Transmit
 *fill*         0x0000000008002d6e        0x2 
 .text.imu_TxEnd
                0x0000000008002d70       0x14 ./IMU/Src/MPU6050.o
 .text.imu_RxEnd
                0x0000000008002d84       0x14 ./IMU/Src/MPU6050.o
 .text.imu_Error
                0x0000000008002d98       0x14 ./IMU/Src/MPU6050.o
 .text.MPU6050_init
                0x0000000008002dac      0x100 ./IMU/Src/MPU6050.o
                0x0000000008002dac                MPU6050_init
 .text.CRC8     0x0000000008002eac       0x14 ./IMU/Src/MPU6050.o
                0x0000000008002eac                CRC8
 .text.MPU6050_sendFrame
                0x0000000008002ec0       0x18 ./IMU/Src/MPU6050.o
                0x0000000008002ec0                MPU6050_sendFrame
 .text.MPU6050_main
                0x0000000008002ed8       0x7c ./IMU/Src/MPU6050.o
                0x0000000008002ed8                MPU6050_main
 .text.__libc_init_array
                0x0000000008002f54       0x48 c:/st/stm32cubeide_1.6.1/stm32cubeide/plugins/com.st.stm32cube.ide.mcu.externaltools.gnu-tools-for-stm32.9-2020-q2-update.win32_2.0.0.202105311346/tools/bin/../lib/gcc/arm-none-eabi/9.3.1/../../../../arm-none-eabi/lib/thumb/v7e-m+fp/hard\libc_nano.a(lib_a-init.o)
                0x0000000008002f54                __libc_init_array
 .text.memset   0x0000000008002f9c       0x10 c:/st/stm32cubeide_1.6.1/stm32cubeide/plugins/com.st.stm32cube.ide.mcu.externaltools.gnu-tools-for-stm32.9-2020-q2-update.win32_2.0.0.202105311346/tools/bin/../lib/gcc/arm-none-eabi/9.3.1/../../../../arm-none-eabi/lib/thumb/v7e-m+fp/hard\libc_nano.a(lib_a-memset.o)
                0x0000000008002f9c                memset
 *(.glue_7)
 .glue_7        0x0000000008002fac        0x0 linker stubs
 *(.glue_7t)
 .glue_7t       0x0000000008002fac        0x0 linker stubs
 *(.eh_frame)
 .eh_frame      0x0000000008002fac        0x0 c:/st/stm32cubeide_1.6.1/stm32cubeide/plugins/com.st.stm32cube.ide.mcu.externaltools.gnu-tools-for-stm32.9-2020-q2-update.win32_2.0.0.202105311346/tools/bin/../lib/gcc/arm-none-eabi/9.3.1/thumb/v7e-m+fp/hard/crtbegin.o
 *(.init)
 .init          0x0000000008002fac        0x4 c:/st/stm32cubeide_1.6.1/stm32cubeide/plugins/com.st.stm32cube.ide.mcu.externaltools.gnu-tools-for-stm32.9-2020-q2-update.win32_2.0.0.202105311346/tools/bin/../lib/gcc/arm-none-eabi/9.3.1/thumb/v7e-m+fp/hard/crti.o
                0x0000000008002fac                _init
 .init          0x0000000008002fb0        0x8 c:/st/stm32cubeide_1.6.1/stm32cubeide/plugins/com.st.stm32cube.ide.mcu.externaltools.gnu-tools-for-stm32.9-2020-q2-update.win32_2.0.0.202105311346/tools/bin/../lib/gcc/arm-none-eabi/9.3.1/thumb/v7e-m+fp/hard/crtn.o
 *(.fini)
 .fini          0x0000000008002fb8        0x4 c:/st/stm32cubeide_1.6.1/stm32cubeide/plugins/com.st.stm32cube.ide.mcu.externaltools.gnu-tools-for-stm32.9-2020-q2-update.win32_2.0.0.202105311346/tools/bin/../lib/gcc/arm-none-eabi/9.3.1/thumb/v7e-m+fp/hard/crti.o
                0x0000000008002fb8                _fini
 .fini          0x0000000008002fbc        0x8 c:/st/stm32cubeide_1.6.1/stm32cubeide/plugins/com.st.stm32cube.ide.mcu.externaltools.gnu-tools-for-stm32.9-2020-q2-update.win32_2.0.0.202105311346/tools/bin/../lib/gcc/arm-none-eabi/9.3.1/thumb/v7e-m+fp/hard/crtn.o
                0x0000000008002fc4                . = ALIGN (0x4)
                0x0000000008002fc4                _etext = .

.vfp11_veneer   0x0000000008002fc4        0x0
 .vfp11_veneer  0x0000000008002fc4        0x0 linker stubs

.v4_bx          0x0000000008002fc4        0x0
 .v4_bx         0x0000000008002fc4        0x0 linker stubs

.iplt           0x0000000008002fc4        0x0
 .iplt          0x0000000008002fc4        0x0 c:/st/stm32cubeide_1.6.1/stm32cubeide/plugins/com.st.stm32cube.ide.mcu.externaltools.gnu-tools-for-stm32.9-2020-q2-update.win32_2.0.0.202105311346/tools/bin/../lib/gcc/arm-none-eabi/9.3.1/thumb/v7e-m+fp/hard/crtbegin.o

.rodata         0x0000000008002fc4       0x5c
                0x0000000008002fc4                . = ALIGN (0x4)
 *(.rodata)
 *(.rodata*)
 .rodata.AHBPrescTable
                0x0000000008002fc4       0x10 ./Core/Src/system_stm32f4xx.o
                0x0000000008002fc4                AHBPrescTable
 .rodata.APBPrescTable
                0x0000000008002fd4        0x8 ./Core/Src/system_stm32f4xx.o
                0x0000000008002fd4                APBPrescTable
 .rodata.flagBitshiftOffset.7863
                0x0000000008002fdc        0x8 ./Drivers/STM32F4xx_HAL_Driver/Src/stm32f4xx_hal_dma.o
 .rodata.MPU6050_init.str1.1
                0x0000000008002fe4       0x3c ./IMU/Src/MPU6050.o
                0x0000000008003020                . = ALIGN (0x4)

.ARM.extab      0x0000000008003020        0x0
                0x0000000008003020                . = ALIGN (0x4)
 *(.ARM.extab* .gnu.linkonce.armextab.*)
                0x0000000008003020                . = ALIGN (0x4)

.ARM            0x0000000008003020        0x8
                0x0000000008003020                . = ALIGN (0x4)
                0x0000000008003020                __exidx_start = .
 *(.ARM.exidx*)
 .ARM.exidx     0x0000000008003020        0x8 c:/st/stm32cubeide_1.6.1/stm32cubeide/plugins/com.st.stm32cube.ide.mcu.externaltools.gnu-tools-for-stm32.9-2020-q2-update.win32_2.0.0.202105311346/tools/bin/../lib/gcc/arm-none-eabi/9.3.1/thumb/v7e-m+fp/hard\libgcc.a(_udivmoddi4.o)
                0x0000000008003028                __exidx_end = .
                0x0000000008003028                . = ALIGN (0x4)

.rel.dyn        0x0000000008003028        0x0
 .rel.iplt      0x0000000008003028        0x0 c:/st/stm32cubeide_1.6.1/stm32cubeide/plugins/com.st.stm32cube.ide.mcu.externaltools.gnu-tools-for-stm32.9-2020-q2-update.win32_2.0.0.202105311346/tools/bin/../lib/gcc/arm-none-eabi/9.3.1/thumb/v7e-m+fp/hard/crtbegin.o

.preinit_array  0x0000000008003028        0x0
                0x0000000008003028                . = ALIGN (0x4)
                0x0000000008003028                PROVIDE (__preinit_array_start = .)
 *(.preinit_array*)
                0x0000000008003028                PROVIDE (__preinit_array_end = .)
                0x0000000008003028                . = ALIGN (0x4)

.init_array     0x0000000008003028        0x4
                0x0000000008003028                . = ALIGN (0x4)
                0x0000000008003028                PROVIDE (__init_array_start = .)
 *(SORT_BY_NAME(.init_array.*))
 *(.init_array*)
 .init_array    0x0000000008003028        0x4 c:/st/stm32cubeide_1.6.1/stm32cubeide/plugins/com.st.stm32cube.ide.mcu.externaltools.gnu-tools-for-stm32.9-2020-q2-update.win32_2.0.0.202105311346/tools/bin/../lib/gcc/arm-none-eabi/9.3.1/thumb/v7e-m+fp/hard/crtbegin.o
                0x000000000800302c                PROVIDE (__init_array_end = .)
                0x000000000800302c                . = ALIGN (0x4)

.fini_array     0x000000000800302c        0x4
                0x000000000800302c                . = ALIGN (0x4)
                [!provide]                        PROVIDE (__fini_array_start = .)
 *(SORT_BY_NAME(.fini_array.*))
 *(.fini_array*)
 .fini_array    0x000000000800302c        0x4 c:/st/stm32cubeide_1.6.1/stm32cubeide/plugins/com.st.stm32cube.ide.mcu.externaltools.gnu-tools-for-stm32.9-2020-q2-update.win32_2.0.0.202105311346/tools/bin/../lib/gcc/arm-none-eabi/9.3.1/thumb/v7e-m+fp/hard/crtbegin.o
                [!provide]                        PROVIDE (__fini_array_end = .)
                0x0000000008003030                . = ALIGN (0x4)
                0x0000000008003030                _sidata = LOADADDR (.data)

.data           0x0000000020000000        0xc load address 0x0000000008003030
                0x0000000020000000                . = ALIGN (0x4)
                0x0000000020000000                _sdata = .
 *(.data)
 *(.data*)
 .data.SystemCoreClock
                0x0000000020000000        0x4 ./Core/Src/system_stm32f4xx.o
                0x0000000020000000                SystemCoreClock
 .data.uwTickFreq
                0x0000000020000004        0x1 ./Drivers/STM32F4xx_HAL_Driver/Src/stm32f4xx_hal.o
                0x0000000020000004                uwTickFreq
 *fill*         0x0000000020000005        0x3 
 .data.uwTickPrio
                0x0000000020000008        0x4 ./Drivers/STM32F4xx_HAL_Driver/Src/stm32f4xx_hal.o
                0x0000000020000008                uwTickPrio
 *(.RamFunc)
 *(.RamFunc*)
                0x000000002000000c                . = ALIGN (0x4)
                0x000000002000000c                _edata = .

.igot.plt       0x000000002000000c        0x0 load address 0x000000000800303c
 .igot.plt      0x000000002000000c        0x0 c:/st/stm32cubeide_1.6.1/stm32cubeide/plugins/com.st.stm32cube.ide.mcu.externaltools.gnu-tools-for-stm32.9-2020-q2-update.win32_2.0.0.202105311346/tools/bin/../lib/gcc/arm-none-eabi/9.3.1/thumb/v7e-m+fp/hard/crtbegin.o
                0x000000002000000c                . = ALIGN (0x4)

.bss            0x000000002000000c      0x38c load address 0x000000000800303c
                0x000000002000000c                _sbss = .
                0x000000002000000c                __bss_start__ = _sbss
 *(.bss)
 .bss           0x000000002000000c       0x1c c:/st/stm32cubeide_1.6.1/stm32cubeide/plugins/com.st.stm32cube.ide.mcu.externaltools.gnu-tools-for-stm32.9-2020-q2-update.win32_2.0.0.202105311346/tools/bin/../lib/gcc/arm-none-eabi/9.3.1/thumb/v7e-m+fp/hard/crtbegin.o
 *(.bss*)
 *(COMMON)
 COMMON         0x0000000020000028      0x124 ./Core/Src/i2c.o
                0x0000000020000028                hdma_i2c1_tx
                0x0000000020000088                hi2c1
                0x00000000200000dc                hdma_i2c1_rx
                0x000000002000013c                I2c1Config
 COMMON         0x000000002000014c       0x44 ./Core/Src/usart.o
                0x000000002000014c                huart2
 COMMON         0x0000000020000190        0x4 ./Drivers/STM32F4xx_HAL_Driver/Src/stm32f4xx_hal.o
                0x0000000020000190                uwTick
 COMMON         0x0000000020000194      0x202 ./IMU/Src/MPU6050.o
                0x0000000020000194                MPU6050
                0x0000000020000398                . = ALIGN (0x4)
 *fill*         0x0000000020000396        0x2 
                0x0000000020000398                _ebss = .
                0x0000000020000398                __bss_end__ = _ebss

._user_heap_stack
                0x0000000020000398      0x600 load address 0x000000000800303c
                0x0000000020000398                . = ALIGN (0x8)
                [!provide]                        PROVIDE (end = .)
                0x0000000020000398                PROVIDE (_end = .)
                0x0000000020000598                . = (. + _Min_Heap_Size)
 *fill*         0x0000000020000398      0x200 
                0x0000000020000998                . = (. + _Min_Stack_Size)
 *fill*         0x0000000020000598      0x400 
                0x0000000020000998                . = ALIGN (0x8)

/DISCARD/
 libc.a(*)
 libm.a(*)
 libgcc.a(*)

.ARM.attributes
                0x0000000000000000       0x30
 *(.ARM.attributes)
 .ARM.attributes
                0x0000000000000000       0x1e c:/st/stm32cubeide_1.6.1/stm32cubeide/plugins/com.st.stm32cube.ide.mcu.externaltools.gnu-tools-for-stm32.9-2020-q2-update.win32_2.0.0.202105311346/tools/bin/../lib/gcc/arm-none-eabi/9.3.1/thumb/v7e-m+fp/hard/crti.o
 .ARM.attributes
                0x000000000000001e       0x34 c:/st/stm32cubeide_1.6.1/stm32cubeide/plugins/com.st.stm32cube.ide.mcu.externaltools.gnu-tools-for-stm32.9-2020-q2-update.win32_2.0.0.202105311346/tools/bin/../lib/gcc/arm-none-eabi/9.3.1/thumb/v7e-m+fp/hard/crtbegin.o
 .ARM.attributes
                0x0000000000000052       0x34 ./Core/Src/dma.o
 .ARM.attributes
                0x0000000000000086       0x34 ./Core/Src/gpio.o
 .ARM.attributes
                0x00000000000000ba       0x34 ./Core/Src/i2c.o
 .ARM.attributes
                0x00000000000000ee       0x34 ./Core/Src/main.o
 .ARM.attributes
                0x0000000000000122       0x34 ./Core/Src/stm32f4xx_hal_msp.o
 .ARM.attributes
                0x0000000000000156       0x34 ./Core/Src/stm32f4xx_it.o
 .ARM.attributes
                0x000000000000018a       0x34 ./Core/Src/system_stm32f4xx.o
 .ARM.attributes
                0x00000000000001be       0x34 ./Core/Src/usart.o
 .ARM.attributes
                0x00000000000001f2       0x21 ./Core/Startup/startup_stm32f401retx.o
 .ARM.attributes
                0x0000000000000213       0x34 ./Drivers/STM32F4xx_HAL_Driver/Src/stm32f4xx_hal.o
 .ARM.attributes
                0x0000000000000247       0x34 ./Drivers/STM32F4xx_HAL_Driver/Src/stm32f4xx_hal_cortex.o
 .ARM.attributes
                0x000000000000027b       0x34 ./Drivers/STM32F4xx_HAL_Driver/Src/stm32f4xx_hal_dma.o
 .ARM.attributes
                0x00000000000002af       0x34 ./Drivers/STM32F4xx_HAL_Driver/Src/stm32f4xx_hal_gpio.o
 .ARM.attributes
                0x00000000000002e3       0x34 ./Drivers/STM32F4xx_HAL_Driver/Src/stm32f4xx_hal_i2c.o
 .ARM.attributes
                0x0000000000000317       0x34 ./Drivers/STM32F4xx_HAL_Driver/Src/stm32f4xx_hal_rcc.o
 .ARM.attributes
                0x000000000000034b       0x34 ./Drivers/STM32F4xx_HAL_Driver/Src/stm32f4xx_hal_uart.o
 .ARM.attributes
                0x000000000000037f       0x34 ./IMU/Src/MPU6050.o
 .ARM.attributes
                0x00000000000003b3       0x34 c:/st/stm32cubeide_1.6.1/stm32cubeide/plugins/com.st.stm32cube.ide.mcu.externaltools.gnu-tools-for-stm32.9-2020-q2-update.win32_2.0.0.202105311346/tools/bin/../lib/gcc/arm-none-eabi/9.3.1/../../../../arm-none-eabi/lib/thumb/v7e-m+fp/hard\libc_nano.a(lib_a-init.o)
 .ARM.attributes
                0x00000000000003e7       0x34 c:/st/stm32cubeide_1.6.1/stm32cubeide/plugins/com.st.stm32cube.ide.mcu.externaltools.gnu-tools-for-stm32.9-2020-q2-update.win32_2.0.0.202105311346/tools/bin/../lib/gcc/arm-none-eabi/9.3.1/../../../../arm-none-eabi/lib/thumb/v7e-m+fp/hard\libc_nano.a(lib_a-memset.o)
 .ARM.attributes
                0x000000000000041b       0x1e c:/st/stm32cubeide_1.6.1/stm32cubeide/plugins/com.st.stm32cube.ide.mcu.externaltools.gnu-tools-for-stm32.9-2020-q2-update.win32_2.0.0.202105311346/tools/bin/../lib/gcc/arm-none-eabi/9.3.1/thumb/v7e-m+fp/hard\libgcc.a(_aeabi_uldivmod.o)
 .ARM.attributes
                0x0000000000000439       0x34 c:/st/stm32cubeide_1.6.1/stm32cubeide/plugins/com.st.stm32cube.ide.mcu.externaltools.gnu-tools-for-stm32.9-2020-q2-update.win32_2.0.0.202105311346/tools/bin/../lib/gcc/arm-none-eabi/9.3.1/thumb/v7e-m+fp/hard\libgcc.a(_udivmoddi4.o)
 .ARM.attributes
                0x000000000000046d       0x1e c:/st/stm32cubeide_1.6.1/stm32cubeide/plugins/com.st.stm32cube.ide.mcu.externaltools.gnu-tools-for-stm32.9-2020-q2-update.win32_2.0.0.202105311346/tools/bin/../lib/gcc/arm-none-eabi/9.3.1/thumb/v7e-m+fp/hard\libgcc.a(_dvmd_tls.o)
 .ARM.attributes
                0x000000000000048b       0x1e c:/st/stm32cubeide_1.6.1/stm32cubeide/plugins/com.st.stm32cube.ide.mcu.externaltools.gnu-tools-for-stm32.9-2020-q2-update.win32_2.0.0.202105311346/tools/bin/../lib/gcc/arm-none-eabi/9.3.1/thumb/v7e-m+fp/hard/crtn.o
OUTPUT(MPU_6050.elf elf32-littlearm)
LOAD linker stubs
LOAD c:/st/stm32cubeide_1.6.1/stm32cubeide/plugins/com.st.stm32cube.ide.mcu.externaltools.gnu-tools-for-stm32.9-2020-q2-update.win32_2.0.0.202105311346/tools/bin/../lib/gcc/arm-none-eabi/9.3.1/../../../../arm-none-eabi/lib/thumb/v7e-m+fp/hard\libc.a
LOAD c:/st/stm32cubeide_1.6.1/stm32cubeide/plugins/com.st.stm32cube.ide.mcu.externaltools.gnu-tools-for-stm32.9-2020-q2-update.win32_2.0.0.202105311346/tools/bin/../lib/gcc/arm-none-eabi/9.3.1/../../../../arm-none-eabi/lib/thumb/v7e-m+fp/hard\libm.a
LOAD c:/st/stm32cubeide_1.6.1/stm32cubeide/plugins/com.st.stm32cube.ide.mcu.externaltools.gnu-tools-for-stm32.9-2020-q2-update.win32_2.0.0.202105311346/tools/bin/../lib/gcc/arm-none-eabi/9.3.1/thumb/v7e-m+fp/hard\libgcc.a

.comment        0x0000000000000000       0x53
 .comment       0x0000000000000000       0x53 ./Core/Src/dma.o
                                         0x54 (size before relaxing)
 .comment       0x0000000000000053       0x54 ./Core/Src/gpio.o
 .comment       0x0000000000000053       0x54 ./Core/Src/i2c.o
 .comment       0x0000000000000053       0x54 ./Core/Src/main.o
 .comment       0x0000000000000053       0x54 ./Core/Src/stm32f4xx_hal_msp.o
 .comment       0x0000000000000053       0x54 ./Core/Src/stm32f4xx_it.o
 .comment       0x0000000000000053       0x54 ./Core/Src/system_stm32f4xx.o
 .comment       0x0000000000000053       0x54 ./Core/Src/usart.o
 .comment       0x0000000000000053       0x54 ./Drivers/STM32F4xx_HAL_Driver/Src/stm32f4xx_hal.o
 .comment       0x0000000000000053       0x54 ./Drivers/STM32F4xx_HAL_Driver/Src/stm32f4xx_hal_cortex.o
 .comment       0x0000000000000053       0x54 ./Drivers/STM32F4xx_HAL_Driver/Src/stm32f4xx_hal_dma.o
 .comment       0x0000000000000053       0x54 ./Drivers/STM32F4xx_HAL_Driver/Src/stm32f4xx_hal_gpio.o
 .comment       0x0000000000000053       0x54 ./Drivers/STM32F4xx_HAL_Driver/Src/stm32f4xx_hal_i2c.o
 .comment       0x0000000000000053       0x54 ./Drivers/STM32F4xx_HAL_Driver/Src/stm32f4xx_hal_rcc.o
 .comment       0x0000000000000053       0x54 ./Drivers/STM32F4xx_HAL_Driver/Src/stm32f4xx_hal_uart.o
 .comment       0x0000000000000053       0x54 ./IMU/Src/MPU6050.o

.debug_frame    0x0000000000000000       0xac
 .debug_frame   0x0000000000000000       0x2c c:/st/stm32cubeide_1.6.1/stm32cubeide/plugins/com.st.stm32cube.ide.mcu.externaltools.gnu-tools-for-stm32.9-2020-q2-update.win32_2.0.0.202105311346/tools/bin/../lib/gcc/arm-none-eabi/9.3.1/../../../../arm-none-eabi/lib/thumb/v7e-m+fp/hard\libc_nano.a(lib_a-init.o)
 .debug_frame   0x000000000000002c       0x20 c:/st/stm32cubeide_1.6.1/stm32cubeide/plugins/com.st.stm32cube.ide.mcu.externaltools.gnu-tools-for-stm32.9-2020-q2-update.win32_2.0.0.202105311346/tools/bin/../lib/gcc/arm-none-eabi/9.3.1/../../../../arm-none-eabi/lib/thumb/v7e-m+fp/hard\libc_nano.a(lib_a-memset.o)
 .debug_frame   0x000000000000004c       0x2c c:/st/stm32cubeide_1.6.1/stm32cubeide/plugins/com.st.stm32cube.ide.mcu.externaltools.gnu-tools-for-stm32.9-2020-q2-update.win32_2.0.0.202105311346/tools/bin/../lib/gcc/arm-none-eabi/9.3.1/thumb/v7e-m+fp/hard\libgcc.a(_aeabi_uldivmod.o)
 .debug_frame   0x0000000000000078       0x34 c:/st/stm32cubeide_1.6.1/stm32cubeide/plugins/com.st.stm32cube.ide.mcu.externaltools.gnu-tools-for-stm32.9-2020-q2-update.win32_2.0.0.202105311346/tools/bin/../lib/gcc/arm-none-eabi/9.3.1/thumb/v7e-m+fp/hard\libgcc.a(_udivmoddi4.o)
